
 /----------------------------------------------------------------------------\
 |  yosys -- Yosys Open SYnthesis Suite                                       |
 |  Copyright (C) 2012 - 2026  Claire Xenia Wolf <claire@yosyshq.com>         |
 |  Distributed under an ISC-like license, type "license" to see terms        |
 \----------------------------------------------------------------------------/
 Yosys 0.67+137 (git sha1 41a4b5a03-dirty, Release, Clang /usr/bin/clang++ 21.1.8)

-- Executing script file `design_smt2.ys' --

1. Executing RTLIL frontend.
Input filename: design_prep.il

2. Executing HIERARCHY pass (managing design hierarchy).
Attribute `top' found on module `wrap_counter'. Setting top module to wrap_counter.

2.1. Analyzing design hierarchy..
Top module:  \wrap_counter

2.2. Analyzing design hierarchy..
Top module:  \wrap_counter
Removed 0 unused modules.

3. Executing FORMALFF pass.

4. Executing DFFUNMAP pass (unmap clock enable and synchronous reset from FFs).

5. Printing statistics.

=== wrap_counter ===

        +----------Local Count, excluding submodules.
        | 
       10 wires
       45 wire bits
        4 public wires
       11 public wire bits
        4 ports
       11 port bits
        8 cells
        1   $add
        1   $anyinit
        1   $assume
        1   $eq
        3   $mux
        1   $not

6. Executing SMT2 backend.

6.1. Executing BMUXMAP pass.

6.2. Executing DEMUXMAP pass.
Creating SMT-LIBv2 representation of module wrap_counter.

End of script. Logfile hash: 2563e26922, time: 0.00s, user: 0.00s, system: 0.01s, MEM: 16.42 MB peak
Yosys 0.67+137 (git sha1 41a4b5a03-dirty, Release, Clang /usr/bin/clang++ 21.1.8)
Time spent: 45% 2x write_smt2 (0 sec), 25% 2x read_rtlil (0 sec), ...
