
 /----------------------------------------------------------------------------\
 |  yosys -- Yosys Open SYnthesis Suite                                       |
 |  Copyright (C) 2012 - 2026  Claire Xenia Wolf <claire@yosyshq.com>         |
 |  Distributed under an ISC-like license, type "license" to see terms        |
 \----------------------------------------------------------------------------/
 Yosys 0.67+137 (git sha1 41a4b5a03-dirty, Release, Clang /usr/bin/clang++ 21.1.8)

-- Executing script file `../model/design.ys' --

1. Executing Verilog-2005 frontend: wrap_counter.sv
Parsing SystemVerilog input from `wrap_counter.sv' to AST representation.
Storing AST representation for module `$abstract\wrap_counter'.
Successfully finished Verilog frontend.

2. Executing PREP pass.

2.1. Executing HIERARCHY pass (managing design hierarchy).

2.2. Executing AST frontend in derive mode using pre-parsed AST for module `\wrap_counter'.
Generating RTLIL representation for module `\wrap_counter'.

2.2.1. Analyzing design hierarchy..
Top module:  \wrap_counter

2.2.2. Analyzing design hierarchy..
Top module:  \wrap_counter
Removing unused module `$abstract\wrap_counter'.
Removed 1 unused modules.

2.3. Executing PROC pass (convert processes to netlists).

2.3.1. Executing PROC_CLEAN pass (remove empty switches from decision trees).
Cleaned up 0 empty switches.

2.3.2. Executing PROC_RMDEAD pass (remove dead branches from decision trees).
Marked 2 switch rules as full_case in process $proc$wrap_counter.sv:12$1 in module wrap_counter.
Removed a total of 0 dead cases.

2.3.3. Executing PROC_PRUNE pass (remove redundant assignments in processes).
Removed 0 redundant assignments.
Promoted 0 assignments to connections.

2.3.4. Executing PROC_INIT pass (extract init attributes).

2.3.5. Executing PROC_ARST pass (detect async resets in processes).

2.3.6. Executing PROC_ROM pass (convert switches to ROMs).
Converted 0 switches.
<suppressed ~3 debug messages>

2.3.7. Executing PROC_MUX pass (convert decision trees to multiplexers).
Creating decoders for process `\wrap_counter.$proc$wrap_counter.sv:12$1'.
     1/1: $0\count[7:0]

2.3.8. Executing PROC_DLATCH pass (convert process syncs to latches).

2.3.9. Executing PROC_DFF pass (convert process syncs to FFs).
Creating register for signal `\wrap_counter.\count' using process `\wrap_counter.$proc$wrap_counter.sv:12$1'.
  created $dff cell `$procdff$12' with positive edge clock.

2.3.10. Executing PROC_MEMWR pass (convert process memory writes to cells).

2.3.11. Executing PROC_CLEAN pass (remove empty switches from decision trees).
Found and cleaned up 3 empty switches in `\wrap_counter.$proc$wrap_counter.sv:12$1'.
Removing empty process `wrap_counter.$proc$wrap_counter.sv:12$1'.
Cleaned up 3 empty switches.

2.3.12. Executing OPT_EXPR pass (perform const folding).
Optimizing module wrap_counter.

2.4. Executing FUTURE pass.

2.5. Executing OPT_EXPR pass (perform const folding).
Optimizing module wrap_counter.

2.6. Executing OPT_CLEAN pass (remove unused cells and wires).
Finding unused cells or wires in module \wrap_counter..
Removed 0 unused cells and 4 unused wires.
<suppressed ~1 debug messages>

2.7. Executing CHECK pass (checking for obvious problems).
Checking module wrap_counter...
Found and reported 0 problems.

2.8. Executing OPT pass (performing simple optimizations).

2.8.1. Executing OPT_EXPR pass (perform const folding).
Optimizing module wrap_counter.

2.8.2. Executing OPT_MERGE pass (detect identical cells).
Finding identical cells in module `\wrap_counter'.
Computing hashes of 6 cells of `\wrap_counter'.
Finding duplicate cells in `\wrap_counter'.
Removed a total of 0 cells.

2.8.3. Executing OPT_MUXTREE pass (detect dead branches in mux trees).
Running muxtree optimizer on module \wrap_counter..
  Creating internal representation of mux trees.
  Evaluating internal representation of mux trees.
  Analyzing evaluation results.
Removed 0 multiplexer ports.
<suppressed ~4 debug messages>

2.8.4. Executing OPT_REDUCE pass (consolidate $*mux and $reduce_* inputs).
  Optimizing cells in module \wrap_counter.
Performed a total of 0 changes.

2.8.5. Executing OPT_MERGE pass (detect identical cells).
Finding identical cells in module `\wrap_counter'.
Computing hashes of 6 cells of `\wrap_counter'.
Finding duplicate cells in `\wrap_counter'.
Removed a total of 0 cells.

2.8.6. Executing OPT_CLEAN pass (remove unused cells and wires).
Finding unused cells or wires in module \wrap_counter..

2.8.7. Executing OPT_EXPR pass (perform const folding).
Optimizing module wrap_counter.

2.8.8. Finished fast OPT passes. (There is nothing left to do.)

2.9. Executing WREDUCE pass (reducing word size of cells).
Removed top 4 bits (of 8) from port B of cell wrap_counter.$eq$wrap_counter.sv:16$2 ($eq).

2.10. Executing OPT_CLEAN pass (remove unused cells and wires).
Finding unused cells or wires in module \wrap_counter..

2.11. Executing MEMORY_COLLECT pass (generating $mem cells).

2.12. Executing OPT pass (performing simple optimizations).

2.12.1. Executing OPT_EXPR pass (perform const folding).
Optimizing module wrap_counter.

2.12.2. Executing OPT_MERGE pass (detect identical cells).
Finding identical cells in module `\wrap_counter'.
Computing hashes of 6 cells of `\wrap_counter'.
Finding duplicate cells in `\wrap_counter'.
Removed a total of 0 cells.

2.12.3. Executing OPT_CLEAN pass (remove unused cells and wires).
Finding unused cells or wires in module \wrap_counter..

2.12.4. Finished fast OPT passes.

2.13. Executing SORT pass.

2.14. Printing statistics.

=== wrap_counter ===

        +----------Local Count, excluding submodules.
        | 
        9 wires
       44 wire bits
        4 public wires
       11 public wire bits
        4 ports
       11 port bits
        6 cells
        1   $add
        1   $dff
        1   $eq
        3   $mux

2.15. Executing CHECK pass (checking for obvious problems).
Checking module wrap_counter...
Found and reported 0 problems.

3. Executing HIERARCHY pass (managing design hierarchy).
Attribute `top' found on module `wrap_counter'. Setting top module to wrap_counter.

3.1. Analyzing design hierarchy..
Top module:  \wrap_counter

3.2. Analyzing design hierarchy..
Top module:  \wrap_counter
Removed 0 unused modules.

4. Executing jny backend.

5. Executing RTLIL backend.
Output filename: ../model/design.il

End of script. Logfile hash: 966f4841ed, time: 0.00s, user: 0.01s, system: 0.01s, MEM: 17.75 MB peak
Yosys 0.67+137 (git sha1 41a4b5a03-dirty, Release, Clang /usr/bin/clang++ 21.1.8)
Time spent: 18% 3x opt_merge (0 sec), 13% 2x hierarchy (0 sec), ...
