
 /----------------------------------------------------------------------------\
 |  yosys -- Yosys Open SYnthesis Suite                                       |
 |  Copyright (C) 2012 - 2026  Claire Xenia Wolf <claire@yosyshq.com>         |
 |  Distributed under an ISC-like license, type "license" to see terms        |
 \----------------------------------------------------------------------------/
 Yosys 0.67+137 (git sha1 41a4b5a03-dirty, Release, Clang /usr/bin/clang++ 21.1.8)

-- Executing script file `design_smt2.ys' --

1. Executing RTLIL frontend.
Input filename: design_prep.il

2. Executing HIERARCHY pass (managing design hierarchy).
Attribute `top' found on module `delay_pipe'. Setting top module to delay_pipe.

2.1. Analyzing design hierarchy..
Top module:  \delay_pipe

2.2. Analyzing design hierarchy..
Top module:  \delay_pipe
Removed 0 unused modules.

3. Executing FORMALFF pass.

4. Executing DFFUNMAP pass (unmap clock enable and synchronous reset from FFs).

5. Printing statistics.

=== delay_pipe ===

        +----------Local Count, excluding submodules.
        | 
       10 wires
       38 wire bits
        6 public wires
       20 public wire bits
        6 ports
       20 port bits
        7 cells
        2   $anyinit
        1   $assume
        3   $mux
        1   $not

6. Executing SMT2 backend.

6.1. Executing BMUXMAP pass.

6.2. Executing DEMUXMAP pass.
Creating SMT-LIBv2 representation of module delay_pipe.

End of script. Logfile hash: cd2b41a2fe, time: 0.00s, user: 0.00s, system: 0.01s, MEM: 16.42 MB peak
Yosys 0.67+137 (git sha1 41a4b5a03-dirty, Release, Clang /usr/bin/clang++ 21.1.8)
Time spent: 58% 2x write_smt2 (0 sec), 17% 2x read_rtlil (0 sec), ...
